// Jest Snapshot v1, https://goo.gl/fbAQLP

exports[`renders correctly 1`] = `
<View
  style={
    Object {
      "marginTop": 50,
    }
  }
>
  <RCTSafeAreaView
    emulateUnlessSupported={true}
  >
    <RCTScrollView>
      <View>
        <View
          accessible={true}
          focusable={true}
          onClick={[Function]}
          onResponderGrant={[Function]}
          onResponderMove={[Function]}
          onResponderRelease={[Function]}
          onResponderTerminate={[Function]}
          onResponderTerminationRequest={[Function]}
          onStartShouldSetResponder={[Function]}
          style={
            Object {
              "opacity": 1,
            }
          }
        >
          <View
            style={
              Object {
                "backgroundColor": "#2AC1DC",
                "borderRadius": 6,
                "elevation": 3,
                "flexDirection": "row",
                "justifyContent": "center",
                "marginHorizontal": 4,
                "marginLeft": 80,
                "marginVertical": 6,
                "shadowColor": "#333",
                "shadowOffset": Object {
                  "height": 1,
                  "width": 1,
                },
                "shadowOpacity": 0.3,
                "shadowRadius": 2,
                "width": 250,
              }
            }
          >
            <View
              style={
                Object {
                  "alignItems": "center",
                  "flexDirection": "column",
                  "justifyContent": "center",
                  "marginHorizontal": 20,
                  "marginVertical": 35,
                }
              }
            >
              <Image
                source={
                  Object {
                    "testUri": "../../../screens/assests/pictures/coloring.png",
                  }
                }
                style={
                  Object {
                    "height": 180,
                    "width": 200,
                  }
                }
              />
              <Text>
                Coloring
              </Text>
            </View>
          </View>
        </View>
        <View
          accessible={true}
          focusable={true}
          onClick={[Function]}
          onResponderGrant={[Function]}
          onResponderMove={[Function]}
          onResponderRelease={[Function]}
          onResponderTerminate={[Function]}
          onResponderTerminationRequest={[Function]}
          onStartShouldSetResponder={[Function]}
          style={
            Object {
              "opacity": 1,
            }
          }
        >
          <View
            style={
              Object {
                "backgroundColor": "#ED1B24",
                "borderRadius": 6,
                "elevation": 3,
                "flexDirection": "row",
                "justifyContent": "center",
                "marginHorizontal": 4,
                "marginLeft": 80,
                "marginVertical": 6,
                "shadowColor": "#333",
                "shadowOffset": Object {
                  "height": 1,
                  "width": 1,
                },
                "shadowOpacity": 0.3,
                "shadowRadius": 2,
                "width": 250,
              }
            }
          >
            <View
              style={
                Object {
                  "alignItems": "center",
                  "flexDirection": "column",
                  "justifyContent": "center",
                  "marginHorizontal": 20,
                  "marginVertical": 35,
                }
              }
            >
              <Image
                source={
                  Object {
                    "testUri": "../../../screens/assests/pictures/drawing.png",
                  }
                }
                style={
                  Object {
                    "height": 180,
                    "width": 200,
                  }
                }
              />
              <Text>
                Drawing
              </Text>
            </View>
          </View>
        </View>
      </View>
    </RCTScrollView>
  </RCTSafeAreaView>
</View>
`;
